// Jest Snapshot v1, https://goo.gl/fbAQLP

exports[`Contact Component matches snapshot 1`] = `[Function]`;
